// Jest Snapshot v1, https://goo.gl/fbAQLP

exports[`Empty.vue mount snapshot 1`] = `undefined`;

exports[`Empty.vue mount snapshot 2`] = `<!---->`;

exports[`Empty.vue shallow snapshot 1`] = `undefined`;
